nohup: ignoring input
The tokenizer class you load from this checkpoint is not the same type as the class this function is called from. It may result in unexpected tokenization. 
The tokenizer class you load from this checkpoint is 'T5Tokenizer'. 
The class this function is called from is 'MT5Tokenizer'.
You are using the default legacy behaviour of the <class 'transformers.models.mt5.tokenization_mt5.MT5Tokenizer'>. This is expected, and simply means that the `legacy` (previous) behavior will be used so nothing changes for you. If you want to use the new behaviour, set `legacy=False`. This should only be set if you understand what it means, and thoroughly read the reason why this was added as explained in https://github.com/huggingface/transformers/pull/24565
============================================================
上海话到普通话翻译模型训练
============================================================

✓ 已配置 HuggingFace 镜像: https://hf-mirror.com

配置信息:
  模型: google/mt5-small
  数据集: dataset/shanghai/translation_dataset
  输出目录: ./exp/translation-mt5-small-260320-145407
  训练轮数: 10
  批次大小: 8
  学习率: 5e-05
  设备: cuda
  混合精度: True

加载数据集: dataset/shanghai/translation_dataset
✓ 训练样本: 3251
✓ 测试样本: 362

加载模型: google/mt5-small
✓ 模型加载完成
  模型参数量: 300.2M

预处理数据集...
✓ 数据预处理完成

加载评估指标...
Traceback (most recent call last):
  File "/mnt/workspace/workgroup/qq/ts/whisper/find_tune/train_translation.py", line 394, in <module>
    main()
  File "/mnt/workspace/workgroup/qq/ts/whisper/find_tune/train_translation.py", line 214, in main
    metric_rouge = evaluate.load("rouge")
  File "/mnt/workspace/workgroup/qq/qq-env/whisper/lib/python3.9/site-packages/evaluate/loading.py", line 748, in load
    evaluation_module = evaluation_module_factory(
  File "/mnt/workspace/workgroup/qq/qq-env/whisper/lib/python3.9/site-packages/evaluate/loading.py", line 680, in evaluation_module_factory
    raise e1 from None
  File "/mnt/workspace/workgroup/qq/qq-env/whisper/lib/python3.9/site-packages/evaluate/loading.py", line 633, in evaluation_module_factory
    return HubEvaluationModuleFactory(
  File "/mnt/workspace/workgroup/qq/qq-env/whisper/lib/python3.9/site-packages/evaluate/loading.py", line 489, in get_module
    local_imports = _download_additional_modules(
  File "/mnt/workspace/workgroup/qq/qq-env/whisper/lib/python3.9/site-packages/evaluate/loading.py", line 265, in _download_additional_modules
    raise ImportError(
ImportError: To be able to use evaluate-metric/rouge, you need to install the following dependencies['nltk', 'rouge_score'] using 'pip install nltk rouge_score' for instance'
